Copyright 1986-2022 Xilinx, Inc. All Rights Reserved. Copyright 2022-2023 Advanced Micro Devices, Inc. All Rights Reserved.
----------------------------------------------------------------------------------------------------------------------------------------------------------------------------------------
| Tool Version     : Vivado v.2023.2 (lin64) Build 4029153 Fri Oct 13 20:13:54 MDT 2023
| Date             : Mon Jul  6 18:36:20 2026
| Host             : MFPDSMBAA1 running 64-bit Ubuntu 22.04.5 LTS
| Command          : report_power -file xilinx_gr_heep_wrapper_power_routed.rpt -pb xilinx_gr_heep_wrapper_power_summary_routed.pb -rpx xilinx_gr_heep_wrapper_power_routed.rpx
| Design           : xilinx_gr_heep_wrapper
| Device           : xc7a100tcsg324-1
| Design State     : routed
| Grade            : commercial
| Process          : typical
| Characterization : Production
----------------------------------------------------------------------------------------------------------------------------------------------------------------------------------------

Power Report

Table of Contents
-----------------
1. Summary
1.1 On-Chip Components
1.2 Power Supply Summary
1.3 Confidence Level
2. Settings
2.1 Environment
2.2 Clock Constraints
3. Detailed Reports
3.1 By Hierarchy

1. Summary
----------

+--------------------------+--------------+
| Total On-Chip Power (W)  | 0.255        |
| Design Power Budget (W)  | Unspecified* |
| Power Budget Margin (W)  | NA           |
| Dynamic (W)              | 0.155        |
| Device Static (W)        | 0.101        |
| Effective TJA (C/W)      | 4.6          |
| Max Ambient (C)          | 83.8         |
| Junction Temperature (C) | 26.2         |
| Confidence Level         | Low          |
| Setting File             | ---          |
| Simulation Activity File | ---          |
| Design Nets Matched      | NA           |
+--------------------------+--------------+
* Specify Design Power Budget using, set_operating_conditions -design_power_budget <value in Watts>


1.1 On-Chip Components
----------------------

+----------------+-----------+----------+-----------+-----------------+
| On-Chip        | Power (W) | Used     | Available | Utilization (%) |
+----------------+-----------+----------+-----------+-----------------+
| Clocks         |     0.017 |       10 |       --- |             --- |
| Slice Logic    |     0.003 |    90077 |       --- |             --- |
|   LUT as Logic |     0.003 |    39139 |     63400 |           61.73 |
|   CARRY4       |    <0.001 |     2211 |     15850 |           13.95 |
|   Register     |    <0.001 |    34974 |    126800 |           27.58 |
|   F7/F8 Muxes  |    <0.001 |     3893 |     63400 |            6.14 |
|   Others       |     0.000 |     1675 |       --- |             --- |
|   BUFG         |     0.000 |        4 |        32 |           12.50 |
| Signals        |     0.004 |    65519 |       --- |             --- |
| Block RAM      |    <0.001 |       64 |       135 |           47.41 |
| MMCM           |     0.121 |        1 |         6 |           16.67 |
| DSPs           |    <0.001 |        5 |       240 |            2.08 |
| I/O            |     0.008 |       59 |       210 |           28.10 |
| Static Power   |     0.101 |          |           |                 |
| Total          |     0.255 |          |           |                 |
+----------------+-----------+----------+-----------+-----------------+


1.2 Power Supply Summary
------------------------

+-----------+-------------+-----------+-------------+------------+-------------+-------------+------------+
| Source    | Voltage (V) | Total (A) | Dynamic (A) | Static (A) | Powerup (A) | Budget (A)  | Margin (A) |
+-----------+-------------+-----------+-------------+------------+-------------+-------------+------------+
| Vccint    |       1.000 |     0.042 |       0.026 |      0.017 |       NA    | Unspecified | NA         |
| Vccaux    |       1.800 |     0.086 |       0.067 |      0.018 |       NA    | Unspecified | NA         |
| Vcco33    |       3.300 |     0.006 |       0.002 |      0.004 |       NA    | Unspecified | NA         |
| Vcco25    |       2.500 |     0.000 |       0.000 |      0.000 |       NA    | Unspecified | NA         |
| Vcco18    |       1.800 |     0.000 |       0.000 |      0.000 |       NA    | Unspecified | NA         |
| Vcco15    |       1.500 |     0.000 |       0.000 |      0.000 |       NA    | Unspecified | NA         |
| Vcco135   |       1.350 |     0.000 |       0.000 |      0.000 |       NA    | Unspecified | NA         |
| Vcco12    |       1.200 |     0.000 |       0.000 |      0.000 |       NA    | Unspecified | NA         |
| Vccaux_io |       1.800 |     0.000 |       0.000 |      0.000 |       NA    | Unspecified | NA         |
| Vccbram   |       1.000 |     0.002 |       0.000 |      0.002 |       NA    | Unspecified | NA         |
| MGTAVcc   |       1.000 |     0.000 |       0.000 |      0.000 |       NA    | Unspecified | NA         |
| MGTAVtt   |       1.200 |     0.000 |       0.000 |      0.000 |       NA    | Unspecified | NA         |
| Vccadc    |       1.800 |     0.020 |       0.000 |      0.020 |       NA    | Unspecified | NA         |
+-----------+-------------+-----------+-------------+------------+-------------+-------------+------------+


1.3 Confidence Level
--------------------

+-----------------------------+------------+--------------------------------------------------------+------------------------------------------------------------------------------------------------------------+
| User Input Data             | Confidence | Details                                                | Action                                                                                                     |
+-----------------------------+------------+--------------------------------------------------------+------------------------------------------------------------------------------------------------------------+
| Design implementation state | High       | Design is routed                                       |                                                                                                            |
| Clock nodes activity        | High       | User specified more than 95% of clocks                 |                                                                                                            |
| I/O nodes activity          | Low        | More than 75% of inputs are missing user specification | Provide missing input activity with simulation results or by editing the "By Resource Type -> I/Os" view   |
| Internal nodes activity     | Medium     | User specified less than 25% of internal nodes         | Provide missing internal nodes activity with simulation results or by editing the "By Resource Type" views |
| Device models               | High       | Device models are Production                           |                                                                                                            |
|                             |            |                                                        |                                                                                                            |
| Overall confidence level    | Low        |                                                        |                                                                                                            |
+-----------------------------+------------+--------------------------------------------------------+------------------------------------------------------------------------------------------------------------+


2. Settings
-----------

2.1 Environment
---------------

+-----------------------+--------------------------+
| Ambient Temp (C)      | 25.0                     |
| ThetaJA (C/W)         | 4.6                      |
| Airflow (LFM)         | 250                      |
| Heat Sink             | medium (Medium Profile)  |
| ThetaSA (C/W)         | 4.6                      |
| Board Selection       | medium (10"x10")         |
| # of Board Layers     | 12to15 (12 to 15 Layers) |
| Board Temperature (C) | 25.0                     |
+-----------------------+--------------------------+


2.2 Clock Constraints
---------------------

+------------------------------------------+-------------------------------------------------------------------------------------------------------+-----------------+
| Clock                                    | Domain                                                                                                | Constraint (ns) |
+------------------------------------------+-------------------------------------------------------------------------------------------------------+-----------------+
| clk_i                                    | clk_i                                                                                                 |            10.0 |
| clk_out1_xilinx_clk_wizard_clk_wiz_0_0   | xilinx_clk_wizard_wrapper_i/xilinx_clk_wizard_i/clk_wiz_0/inst/clk_out1_xilinx_clk_wizard_clk_wiz_0_0 |            66.7 |
| clk_out1_xilinx_clk_wizard_clk_wiz_0_0_1 | xilinx_clk_wizard_wrapper_i/xilinx_clk_wizard_i/clk_wiz_0/inst/clk_out1_xilinx_clk_wizard_clk_wiz_0_0 |            66.7 |
| clkfbout_xilinx_clk_wizard_clk_wiz_0_0   | xilinx_clk_wizard_wrapper_i/xilinx_clk_wizard_i/clk_wiz_0/inst/clkfbout_xilinx_clk_wizard_clk_wiz_0_0 |            50.0 |
| clkfbout_xilinx_clk_wizard_clk_wiz_0_0_1 | xilinx_clk_wizard_wrapper_i/xilinx_clk_wizard_i/clk_wiz_0/inst/clkfbout_xilinx_clk_wizard_clk_wiz_0_0 |            50.0 |
| jtag_clk_pin                             | jtag_tck_i                                                                                            |           100.0 |
| spi_slave_clk_pin                        | gr_heep_i/gr_heep_pad_ring_i/u_pad_spi_slave_sck/xilinx_iobuf_i/IO                                    |            20.0 |
| sys_clk_pin                              | clk_i                                                                                                 |            10.0 |
+------------------------------------------+-------------------------------------------------------------------------------------------------------+-----------------+


3. Detailed Reports
-------------------

3.1 By Hierarchy
----------------

+---------------------------------+-----------+
| Name                            | Power (W) |
+---------------------------------+-----------+
| xilinx_gr_heep_wrapper          |     0.155 |
|   gr_heep_i                     |     0.033 |
|     core_v_mini_mcu_i           |     0.025 |
|       ao_peripheral_subsystem_i |     0.008 |
|       cpu_subsystem_i           |     0.004 |
|       debug_subsystem_i         |     0.005 |
|       peripheral_subsystem_i    |     0.006 |
|       system_bus_i              |     0.001 |
|     gr_heep_pad_ring_i          |     0.008 |
|       u_pad_i2s_sck             |     0.002 |
|       u_pad_spi_slave_sck       |     0.006 |
|   xilinx_clk_wizard_wrapper_i   |     0.121 |
|     xilinx_clk_wizard_i         |     0.121 |
|       clk_wiz_0                 |     0.121 |
+---------------------------------+-----------+


