Copyright 1986-2022 Xilinx, Inc. All Rights Reserved. Copyright 2022-2023 Advanced Micro Devices, Inc. All Rights Reserved.
--------------------------------------------------------------------------------------------------------------------------------------------------------------------------------------------------------
| Tool Version : Vivado v.2023.2 (lin64) Build 4029153 Fri Oct 13 20:13:54 MDT 2023
| Date         : Mon Jul  6 18:36:12 2026
| Host         : MFPDSMBAA1 running 64-bit Ubuntu 22.04.5 LTS
| Command      : report_methodology -file xilinx_gr_heep_wrapper_methodology_drc_routed.rpt -pb xilinx_gr_heep_wrapper_methodology_drc_routed.pb -rpx xilinx_gr_heep_wrapper_methodology_drc_routed.rpx
| Design       : xilinx_gr_heep_wrapper
| Device       : xc7a100tcsg324-1
| Speed File   : -1
| Design State : Fully Routed
--------------------------------------------------------------------------------------------------------------------------------------------------------------------------------------------------------

Report Methodology

Table of Contents
-----------------
1. REPORT SUMMARY
2. REPORT DETAILS

1. REPORT SUMMARY
-----------------
            Netlist: netlist
          Floorplan: design_1
      Design limits: <entire design considered>
             Max violations: <unlimited>
             Violations found: 79
+-----------+------------------+------------------------------------------------------------------+------------+
| Rule      | Severity         | Description                                                      | Violations |
+-----------+------------------+------------------------------------------------------------------+------------+
| TIMING-6  | Critical Warning | No common primary clock between related clocks                   | 6          |
| TIMING-7  | Critical Warning | No common node between related clocks                            | 4          |
| TIMING-14 | Critical Warning | LUT on the clock tree                                            | 7          |
| TIMING-17 | Critical Warning | Non-clocked sequential cell                                      | 6          |
| CKLD-1    | Warning          | Clock Net has non-BUF driver and too many loads                  | 3          |
| DPIR-1    | Warning          | Asynchronous driver check                                        | 32         |
| HPDR-1    | Warning          | Port pin direction inconsistency                                 | 3          |
| LUTAR-1   | Warning          | LUT drives async reset alert                                     | 4          |
| SYNTH-10  | Warning          | Wide multiplier                                                  | 3          |
| TIMING-9  | Warning          | Unknown CDC Logic                                                | 1          |
| TIMING-10 | Warning          | Missing property on synchronizer                                 | 1          |
| TIMING-18 | Warning          | Missing input or output delay                                    | 6          |
| TIMING-56 | Warning          | Missing logically or physically excluded clock groups constraint | 2          |
| ULMTCS-1  | Warning          | Control Sets use limits recommend reduction                      | 1          |
+-----------+------------------+------------------------------------------------------------------+------------+

2. REPORT DETAILS
-----------------
TIMING-6#1 Critical Warning
No common primary clock between related clocks  
The clocks clk_out1_xilinx_clk_wizard_clk_wiz_0_0 and clk_out1_xilinx_clk_wizard_clk_wiz_0_0_1 are related (timed together) but they have no common primary clock. The design could fail in hardware. To find a timing path between these clocks, run the following command: report_timing -from [get_clocks clk_out1_xilinx_clk_wizard_clk_wiz_0_0] -to [get_clocks clk_out1_xilinx_clk_wizard_clk_wiz_0_0_1]
Related violations: <none>

TIMING-6#2 Critical Warning
No common primary clock between related clocks  
The clocks clk_out1_xilinx_clk_wizard_clk_wiz_0_0 and jtag_clk_pin are related (timed together) but they have no common primary clock. The design could fail in hardware. To find a timing path between these clocks, run the following command: report_timing -from [get_clocks clk_out1_xilinx_clk_wizard_clk_wiz_0_0] -to [get_clocks jtag_clk_pin]
Related violations: <none>

TIMING-6#3 Critical Warning
No common primary clock between related clocks  
The clocks clk_out1_xilinx_clk_wizard_clk_wiz_0_0_1 and clk_out1_xilinx_clk_wizard_clk_wiz_0_0 are related (timed together) but they have no common primary clock. The design could fail in hardware. To find a timing path between these clocks, run the following command: report_timing -from [get_clocks clk_out1_xilinx_clk_wizard_clk_wiz_0_0_1] -to [get_clocks clk_out1_xilinx_clk_wizard_clk_wiz_0_0]
Related violations: <none>

TIMING-6#4 Critical Warning
No common primary clock between related clocks  
The clocks clk_out1_xilinx_clk_wizard_clk_wiz_0_0_1 and jtag_clk_pin are related (timed together) but they have no common primary clock. The design could fail in hardware. To find a timing path between these clocks, run the following command: report_timing -from [get_clocks clk_out1_xilinx_clk_wizard_clk_wiz_0_0_1] -to [get_clocks jtag_clk_pin]
Related violations: <none>

TIMING-6#5 Critical Warning
No common primary clock between related clocks  
The clocks jtag_clk_pin and clk_out1_xilinx_clk_wizard_clk_wiz_0_0 are related (timed together) but they have no common primary clock. The design could fail in hardware. To find a timing path between these clocks, run the following command: report_timing -from [get_clocks jtag_clk_pin] -to [get_clocks clk_out1_xilinx_clk_wizard_clk_wiz_0_0]
Related violations: <none>

TIMING-6#6 Critical Warning
No common primary clock between related clocks  
The clocks jtag_clk_pin and clk_out1_xilinx_clk_wizard_clk_wiz_0_0_1 are related (timed together) but they have no common primary clock. The design could fail in hardware. To find a timing path between these clocks, run the following command: report_timing -from [get_clocks jtag_clk_pin] -to [get_clocks clk_out1_xilinx_clk_wizard_clk_wiz_0_0_1]
Related violations: <none>

TIMING-7#1 Critical Warning
No common node between related clocks  
The clocks clk_out1_xilinx_clk_wizard_clk_wiz_0_0 and jtag_clk_pin are related (timed together) but they have no common node. The design could fail in hardware. To find a timing path between these clocks, run the following command: report_timing -from [get_clocks clk_out1_xilinx_clk_wizard_clk_wiz_0_0] -to [get_clocks jtag_clk_pin]
Related violations: <none>

TIMING-7#2 Critical Warning
No common node between related clocks  
The clocks clk_out1_xilinx_clk_wizard_clk_wiz_0_0_1 and jtag_clk_pin are related (timed together) but they have no common node. The design could fail in hardware. To find a timing path between these clocks, run the following command: report_timing -from [get_clocks clk_out1_xilinx_clk_wizard_clk_wiz_0_0_1] -to [get_clocks jtag_clk_pin]
Related violations: <none>

TIMING-7#3 Critical Warning
No common node between related clocks  
The clocks jtag_clk_pin and clk_out1_xilinx_clk_wizard_clk_wiz_0_0 are related (timed together) but they have no common node. The design could fail in hardware. To find a timing path between these clocks, run the following command: report_timing -from [get_clocks jtag_clk_pin] -to [get_clocks clk_out1_xilinx_clk_wizard_clk_wiz_0_0]
Related violations: <none>

TIMING-7#4 Critical Warning
No common node between related clocks  
The clocks jtag_clk_pin and clk_out1_xilinx_clk_wizard_clk_wiz_0_0_1 are related (timed together) but they have no common node. The design could fail in hardware. To find a timing path between these clocks, run the following command: report_timing -from [get_clocks jtag_clk_pin] -to [get_clocks clk_out1_xilinx_clk_wizard_clk_wiz_0_0_1]
Related violations: <none>

TIMING-14#1 Critical Warning
LUT on the clock tree  
The LUT gr_heep_i/core_v_mini_mcu_i/ao_peripheral_subsystem_i/dma_subsystem_i/dma_i_gen[0].dma_i/i___165 has been found on the clock tree. Run opt_design to optimize the clock trees, then re-run report_methodology. If LUT(s) are still present in the clock trees, modify the RTL or the synthesis options accordingly to move the clock gating logic to dedicated clock enable resources. Keep in mind that post-opt_design database cannot be used for pin-planning tasks
Related violations: <none>

TIMING-14#2 Critical Warning
LUT on the clock tree  
The LUT gr_heep_i/core_v_mini_mcu_i/ao_peripheral_subsystem_i/dma_subsystem_i/dma_i_gen[1].dma_i/i___7 has been found on the clock tree. Run opt_design to optimize the clock trees, then re-run report_methodology. If LUT(s) are still present in the clock trees, modify the RTL or the synthesis options accordingly to move the clock gating logic to dedicated clock enable resources. Keep in mind that post-opt_design database cannot be used for pin-planning tasks
Related violations: <none>

TIMING-14#3 Critical Warning
LUT on the clock tree  
The LUT gr_heep_i/core_v_mini_mcu_i/ao_peripheral_subsystem_i/dma_subsystem_i/dma_i_gen[2].dma_i/i___7 has been found on the clock tree. Run opt_design to optimize the clock trees, then re-run report_methodology. If LUT(s) are still present in the clock trees, modify the RTL or the synthesis options accordingly to move the clock gating logic to dedicated clock enable resources. Keep in mind that post-opt_design database cannot be used for pin-planning tasks
Related violations: <none>

TIMING-14#4 Critical Warning
LUT on the clock tree  
The LUT gr_heep_i/core_v_mini_mcu_i/ao_peripheral_subsystem_i/dma_subsystem_i/dma_i_gen[3].dma_i/i___7 has been found on the clock tree. Run opt_design to optimize the clock trees, then re-run report_methodology. If LUT(s) are still present in the clock trees, modify the RTL or the synthesis options accordingly to move the clock gating logic to dedicated clock enable resources. Keep in mind that post-opt_design database cannot be used for pin-planning tasks
Related violations: <none>

TIMING-14#5 Critical Warning
LUT on the clock tree  
The LUT gr_heep_i/core_v_mini_mcu_i/debug_subsystem_i/dmi_jtag_i/i_dmi_jtag_tap/i_dft_tck_mux/xilinx_i_clk_mux2_i/i_BUFGMUX_i_1__1 has been found on the clock tree. Run opt_design to optimize the clock trees, then re-run report_methodology. If LUT(s) are still present in the clock trees, modify the RTL or the synthesis options accordingly to move the clock gating logic to dedicated clock enable resources. Keep in mind that post-opt_design database cannot be used for pin-planning tasks
Related violations: <none>

TIMING-14#6 Critical Warning
LUT on the clock tree  
The LUT gr_heep_i/gr_heep_pad_ring_i/u_pad_spi_slave_sck/counter_trgt[7]_i_3 has been found on the clock tree. Run opt_design to optimize the clock trees, then re-run report_methodology. If LUT(s) are still present in the clock trees, modify the RTL or the synthesis options accordingly to move the clock gating logic to dedicated clock enable resources. Keep in mind that post-opt_design database cannot be used for pin-planning tasks
Related violations: <none>

TIMING-14#7 Critical Warning
LUT on the clock tree  
The LUT gr_heep_i/gr_heep_pad_ring_i/u_pad_spi_slave_sck/i_BUFGMUX_i_1__2 has been found on the clock tree. Run opt_design to optimize the clock trees, then re-run report_methodology. If LUT(s) are still present in the clock trees, modify the RTL or the synthesis options accordingly to move the clock gating logic to dedicated clock enable resources. Keep in mind that post-opt_design database cannot be used for pin-planning tasks
Related violations: <none>

TIMING-17#1 Critical Warning
Non-clocked sequential cell  
The clock pin gr_heep_i/core_v_mini_mcu_i/peripheral_subsystem_i/i2s_i/i2s_core_i/i2s_clk_gen_i/i_clk_bypass_mux/xilinx_i_clk_mux2_i/i_BUFGMUX/I0 is not reached by a timing clock
Related violations: <none>

TIMING-17#2 Critical Warning
Non-clocked sequential cell  
The clock pin gr_heep_i/core_v_mini_mcu_i/peripheral_subsystem_i/i2s_i/i2s_core_i/i2s_clk_gen_i/i_clk_mux/xilinx_i_clk_mux2_i/i_BUFGMUX/I0 is not reached by a timing clock
Related violations: <none>

TIMING-17#3 Critical Warning
Non-clocked sequential cell  
The clock pin gr_heep_i/core_v_mini_mcu_i/peripheral_subsystem_i/i2s_i/i2s_core_i/i2s_clk_gen_i/i_clk_mux/xilinx_i_clk_mux2_i/i_BUFGMUX/I1 is not reached by a timing clock
Related violations: <none>

TIMING-17#4 Critical Warning
Non-clocked sequential cell  
The clock pin gr_heep_i/core_v_mini_mcu_i/peripheral_subsystem_i/pdm2pcm_i/clk_int_div_inst/i_clk_bypass_mux/xilinx_i_clk_mux2_i/i_BUFGMUX/I0 is not reached by a timing clock
Related violations: <none>

TIMING-17#5 Critical Warning
Non-clocked sequential cell  
The clock pin gr_heep_i/core_v_mini_mcu_i/peripheral_subsystem_i/pdm2pcm_i/clk_int_div_inst/i_clk_mux/xilinx_i_clk_mux2_i/i_BUFGMUX/I0 is not reached by a timing clock
Related violations: <none>

TIMING-17#6 Critical Warning
Non-clocked sequential cell  
The clock pin gr_heep_i/core_v_mini_mcu_i/peripheral_subsystem_i/pdm2pcm_i/clk_int_div_inst/i_clk_mux/xilinx_i_clk_mux2_i/i_BUFGMUX/I1 is not reached by a timing clock
Related violations: <none>

CKLD-1#1 Warning
Clock Net has non-BUF driver and too many loads  
Clock net gr_heep_i/core_v_mini_mcu_i/ao_peripheral_subsystem_i/dma_subsystem_i/dma_i_gen[0].dma_i/clk_cg is not driven by a Clock Buffer and has more than 512 loads. Driver(s): gr_heep_i/core_v_mini_mcu_i/ao_peripheral_subsystem_i/dma_subsystem_i/dma_i_gen[0].dma_i/window_counter_reg[16]/C,
gr_heep_i/core_v_mini_mcu_i/ao_peripheral_subsystem_i/dma_subsystem_i/dma_i_gen[0].dma_i/window_counter_reg[17]/C,
gr_heep_i/core_v_mini_mcu_i/ao_peripheral_subsystem_i/dma_subsystem_i/dma_i_gen[0].dma_i/window_counter_reg[18]/C,
gr_heep_i/core_v_mini_mcu_i/ao_peripheral_subsystem_i/dma_subsystem_i/dma_i_gen[0].dma_i/window_counter_reg[19]/C,
gr_heep_i/core_v_mini_mcu_i/ao_peripheral_subsystem_i/dma_subsystem_i/dma_i_gen[0].dma_i/window_counter_reg[1]/C,
gr_heep_i/core_v_mini_mcu_i/ao_peripheral_subsystem_i/dma_subsystem_i/dma_i_gen[0].dma_i/window_counter_reg[20]/C,
gr_heep_i/core_v_mini_mcu_i/ao_peripheral_subsystem_i/dma_subsystem_i/dma_i_gen[0].dma_i/window_counter_reg[21]/C,
gr_heep_i/core_v_mini_mcu_i/ao_peripheral_subsystem_i/dma_subsystem_i/dma_i_gen[0].dma_i/window_counter_reg[22]/C,
gr_heep_i/core_v_mini_mcu_i/ao_peripheral_subsystem_i/dma_subsystem_i/dma_i_gen[0].dma_i/window_counter_reg[23]/C,
gr_heep_i/core_v_mini_mcu_i/ao_peripheral_subsystem_i/dma_subsystem_i/dma_i_gen[0].dma_i/window_counter_reg[24]/C,
gr_heep_i/core_v_mini_mcu_i/ao_peripheral_subsystem_i/dma_subsystem_i/dma_i_gen[0].dma_i/window_counter_reg[25]/C,
gr_heep_i/core_v_mini_mcu_i/ao_peripheral_subsystem_i/dma_subsystem_i/dma_i_gen[0].dma_i/window_counter_reg[26]/C,
gr_heep_i/core_v_mini_mcu_i/ao_peripheral_subsystem_i/dma_subsystem_i/dma_i_gen[0].dma_i/window_counter_reg[27]/C,
gr_heep_i/core_v_mini_mcu_i/ao_peripheral_subsystem_i/dma_subsystem_i/dma_i_gen[0].dma_i/window_counter_reg[28]/C,
gr_heep_i/core_v_mini_mcu_i/ao_peripheral_subsystem_i/dma_subsystem_i/dma_i_gen[0].dma_i/window_counter_reg[29]/C
 (the first 15 of 52 listed)
Related violations: <none>

CKLD-1#2 Warning
Clock Net has non-BUF driver and too many loads  
Clock net gr_heep_i/core_v_mini_mcu_i/ao_peripheral_subsystem_i/dma_subsystem_i/dma_i_gen[2].dma_i/clk_cg is not driven by a Clock Buffer and has more than 512 loads. Driver(s): gr_heep_i/core_v_mini_mcu_i/ao_peripheral_subsystem_i/dma_subsystem_i/dma_i_gen[2].dma_i/window_counter_reg[16]/C,
gr_heep_i/core_v_mini_mcu_i/ao_peripheral_subsystem_i/dma_subsystem_i/dma_i_gen[2].dma_i/window_counter_reg[17]/C,
gr_heep_i/core_v_mini_mcu_i/ao_peripheral_subsystem_i/dma_subsystem_i/dma_i_gen[2].dma_i/window_counter_reg[18]/C,
gr_heep_i/core_v_mini_mcu_i/ao_peripheral_subsystem_i/dma_subsystem_i/dma_i_gen[2].dma_i/window_counter_reg[19]/C,
gr_heep_i/core_v_mini_mcu_i/ao_peripheral_subsystem_i/dma_subsystem_i/dma_i_gen[2].dma_i/window_counter_reg[1]/C,
gr_heep_i/core_v_mini_mcu_i/ao_peripheral_subsystem_i/dma_subsystem_i/dma_i_gen[2].dma_i/window_counter_reg[20]/C,
gr_heep_i/core_v_mini_mcu_i/ao_peripheral_subsystem_i/dma_subsystem_i/dma_i_gen[2].dma_i/window_counter_reg[21]/C,
gr_heep_i/core_v_mini_mcu_i/ao_peripheral_subsystem_i/dma_subsystem_i/dma_i_gen[2].dma_i/window_counter_reg[22]/C,
gr_heep_i/core_v_mini_mcu_i/ao_peripheral_subsystem_i/dma_subsystem_i/dma_i_gen[2].dma_i/window_counter_reg[23]/C,
gr_heep_i/core_v_mini_mcu_i/ao_peripheral_subsystem_i/dma_subsystem_i/dma_i_gen[2].dma_i/window_counter_reg[24]/C,
gr_heep_i/core_v_mini_mcu_i/ao_peripheral_subsystem_i/dma_subsystem_i/dma_i_gen[2].dma_i/window_counter_reg[25]/C,
gr_heep_i/core_v_mini_mcu_i/ao_peripheral_subsystem_i/dma_subsystem_i/dma_i_gen[2].dma_i/window_counter_reg[26]/C,
gr_heep_i/core_v_mini_mcu_i/ao_peripheral_subsystem_i/dma_subsystem_i/dma_i_gen[2].dma_i/window_counter_reg[27]/C,
gr_heep_i/core_v_mini_mcu_i/ao_peripheral_subsystem_i/dma_subsystem_i/dma_i_gen[2].dma_i/window_counter_reg[28]/C,
gr_heep_i/core_v_mini_mcu_i/ao_peripheral_subsystem_i/dma_subsystem_i/dma_i_gen[2].dma_i/window_counter_reg[29]/C
 (the first 15 of 52 listed)
Related violations: <none>

CKLD-1#3 Warning
Clock Net has non-BUF driver and too many loads  
Clock net gr_heep_i/gr_heep_pad_ring_i/u_pad_spi_slave_sck/CLK is not driven by a Clock Buffer and has more than 512 loads. Driver(s): gr_heep_i/gr_heep_pad_ring_i/u_pad_spi_slave_sck/counter_trgt[7]_i_3/O
Related violations: <none>

DPIR-1#1 Warning
Asynchronous driver check  
DSP gr_heep_i/core_v_mini_mcu_i/cpu_subsystem_i/cv32e40px_xif_wrapper_i/cv32e40px_top_i/core_i/ex_stage_i/mult_i/short_mac input pin gr_heep_i/core_v_mini_mcu_i/cpu_subsystem_i/cv32e40px_xif_wrapper_i/cv32e40px_top_i/core_i/ex_stage_i/mult_i/short_mac/C[0] is connected to registers with an asynchronous reset. This is preventing the possibility of merging these registers in to the DSP Block since the DSP block registers only possess synchronous reset capability.  It is suggested to recode or change these registers to remove the reset or use a synchronous reset to get the best optimization for performance, power and area.
Related violations: <none>

DPIR-1#2 Warning
Asynchronous driver check  
DSP gr_heep_i/core_v_mini_mcu_i/cpu_subsystem_i/cv32e40px_xif_wrapper_i/cv32e40px_top_i/core_i/ex_stage_i/mult_i/short_mac input pin gr_heep_i/core_v_mini_mcu_i/cpu_subsystem_i/cv32e40px_xif_wrapper_i/cv32e40px_top_i/core_i/ex_stage_i/mult_i/short_mac/C[10] is connected to registers with an asynchronous reset. This is preventing the possibility of merging these registers in to the DSP Block since the DSP block registers only possess synchronous reset capability.  It is suggested to recode or change these registers to remove the reset or use a synchronous reset to get the best optimization for performance, power and area.
Related violations: <none>

DPIR-1#3 Warning
Asynchronous driver check  
DSP gr_heep_i/core_v_mini_mcu_i/cpu_subsystem_i/cv32e40px_xif_wrapper_i/cv32e40px_top_i/core_i/ex_stage_i/mult_i/short_mac input pin gr_heep_i/core_v_mini_mcu_i/cpu_subsystem_i/cv32e40px_xif_wrapper_i/cv32e40px_top_i/core_i/ex_stage_i/mult_i/short_mac/C[11] is connected to registers with an asynchronous reset. This is preventing the possibility of merging these registers in to the DSP Block since the DSP block registers only possess synchronous reset capability.  It is suggested to recode or change these registers to remove the reset or use a synchronous reset to get the best optimization for performance, power and area.
Related violations: <none>

DPIR-1#4 Warning
Asynchronous driver check  
DSP gr_heep_i/core_v_mini_mcu_i/cpu_subsystem_i/cv32e40px_xif_wrapper_i/cv32e40px_top_i/core_i/ex_stage_i/mult_i/short_mac input pin gr_heep_i/core_v_mini_mcu_i/cpu_subsystem_i/cv32e40px_xif_wrapper_i/cv32e40px_top_i/core_i/ex_stage_i/mult_i/short_mac/C[12] is connected to registers with an asynchronous reset. This is preventing the possibility of merging these registers in to the DSP Block since the DSP block registers only possess synchronous reset capability.  It is suggested to recode or change these registers to remove the reset or use a synchronous reset to get the best optimization for performance, power and area.
Related violations: <none>

DPIR-1#5 Warning
Asynchronous driver check  
DSP gr_heep_i/core_v_mini_mcu_i/cpu_subsystem_i/cv32e40px_xif_wrapper_i/cv32e40px_top_i/core_i/ex_stage_i/mult_i/short_mac input pin gr_heep_i/core_v_mini_mcu_i/cpu_subsystem_i/cv32e40px_xif_wrapper_i/cv32e40px_top_i/core_i/ex_stage_i/mult_i/short_mac/C[13] is connected to registers with an asynchronous reset. This is preventing the possibility of merging these registers in to the DSP Block since the DSP block registers only possess synchronous reset capability.  It is suggested to recode or change these registers to remove the reset or use a synchronous reset to get the best optimization for performance, power and area.
Related violations: <none>

DPIR-1#6 Warning
Asynchronous driver check  
DSP gr_heep_i/core_v_mini_mcu_i/cpu_subsystem_i/cv32e40px_xif_wrapper_i/cv32e40px_top_i/core_i/ex_stage_i/mult_i/short_mac input pin gr_heep_i/core_v_mini_mcu_i/cpu_subsystem_i/cv32e40px_xif_wrapper_i/cv32e40px_top_i/core_i/ex_stage_i/mult_i/short_mac/C[14] is connected to registers with an asynchronous reset. This is preventing the possibility of merging these registers in to the DSP Block since the DSP block registers only possess synchronous reset capability.  It is suggested to recode or change these registers to remove the reset or use a synchronous reset to get the best optimization for performance, power and area.
Related violations: <none>

DPIR-1#7 Warning
Asynchronous driver check  
DSP gr_heep_i/core_v_mini_mcu_i/cpu_subsystem_i/cv32e40px_xif_wrapper_i/cv32e40px_top_i/core_i/ex_stage_i/mult_i/short_mac input pin gr_heep_i/core_v_mini_mcu_i/cpu_subsystem_i/cv32e40px_xif_wrapper_i/cv32e40px_top_i/core_i/ex_stage_i/mult_i/short_mac/C[15] is connected to registers with an asynchronous reset. This is preventing the possibility of merging these registers in to the DSP Block since the DSP block registers only possess synchronous reset capability.  It is suggested to recode or change these registers to remove the reset or use a synchronous reset to get the best optimization for performance, power and area.
Related violations: <none>

DPIR-1#8 Warning
Asynchronous driver check  
DSP gr_heep_i/core_v_mini_mcu_i/cpu_subsystem_i/cv32e40px_xif_wrapper_i/cv32e40px_top_i/core_i/ex_stage_i/mult_i/short_mac input pin gr_heep_i/core_v_mini_mcu_i/cpu_subsystem_i/cv32e40px_xif_wrapper_i/cv32e40px_top_i/core_i/ex_stage_i/mult_i/short_mac/C[16] is connected to registers with an asynchronous reset. This is preventing the possibility of merging these registers in to the DSP Block since the DSP block registers only possess synchronous reset capability.  It is suggested to recode or change these registers to remove the reset or use a synchronous reset to get the best optimization for performance, power and area.
Related violations: <none>

DPIR-1#9 Warning
Asynchronous driver check  
DSP gr_heep_i/core_v_mini_mcu_i/cpu_subsystem_i/cv32e40px_xif_wrapper_i/cv32e40px_top_i/core_i/ex_stage_i/mult_i/short_mac input pin gr_heep_i/core_v_mini_mcu_i/cpu_subsystem_i/cv32e40px_xif_wrapper_i/cv32e40px_top_i/core_i/ex_stage_i/mult_i/short_mac/C[17] is connected to registers with an asynchronous reset. This is preventing the possibility of merging these registers in to the DSP Block since the DSP block registers only possess synchronous reset capability.  It is suggested to recode or change these registers to remove the reset or use a synchronous reset to get the best optimization for performance, power and area.
Related violations: <none>

DPIR-1#10 Warning
Asynchronous driver check  
DSP gr_heep_i/core_v_mini_mcu_i/cpu_subsystem_i/cv32e40px_xif_wrapper_i/cv32e40px_top_i/core_i/ex_stage_i/mult_i/short_mac input pin gr_heep_i/core_v_mini_mcu_i/cpu_subsystem_i/cv32e40px_xif_wrapper_i/cv32e40px_top_i/core_i/ex_stage_i/mult_i/short_mac/C[18] is connected to registers with an asynchronous reset. This is preventing the possibility of merging these registers in to the DSP Block since the DSP block registers only possess synchronous reset capability.  It is suggested to recode or change these registers to remove the reset or use a synchronous reset to get the best optimization for performance, power and area.
Related violations: <none>

DPIR-1#11 Warning
Asynchronous driver check  
DSP gr_heep_i/core_v_mini_mcu_i/cpu_subsystem_i/cv32e40px_xif_wrapper_i/cv32e40px_top_i/core_i/ex_stage_i/mult_i/short_mac input pin gr_heep_i/core_v_mini_mcu_i/cpu_subsystem_i/cv32e40px_xif_wrapper_i/cv32e40px_top_i/core_i/ex_stage_i/mult_i/short_mac/C[19] is connected to registers with an asynchronous reset. This is preventing the possibility of merging these registers in to the DSP Block since the DSP block registers only possess synchronous reset capability.  It is suggested to recode or change these registers to remove the reset or use a synchronous reset to get the best optimization for performance, power and area.
Related violations: <none>

DPIR-1#12 Warning
Asynchronous driver check  
DSP gr_heep_i/core_v_mini_mcu_i/cpu_subsystem_i/cv32e40px_xif_wrapper_i/cv32e40px_top_i/core_i/ex_stage_i/mult_i/short_mac input pin gr_heep_i/core_v_mini_mcu_i/cpu_subsystem_i/cv32e40px_xif_wrapper_i/cv32e40px_top_i/core_i/ex_stage_i/mult_i/short_mac/C[1] is connected to registers with an asynchronous reset. This is preventing the possibility of merging these registers in to the DSP Block since the DSP block registers only possess synchronous reset capability.  It is suggested to recode or change these registers to remove the reset or use a synchronous reset to get the best optimization for performance, power and area.
Related violations: <none>

DPIR-1#13 Warning
Asynchronous driver check  
DSP gr_heep_i/core_v_mini_mcu_i/cpu_subsystem_i/cv32e40px_xif_wrapper_i/cv32e40px_top_i/core_i/ex_stage_i/mult_i/short_mac input pin gr_heep_i/core_v_mini_mcu_i/cpu_subsystem_i/cv32e40px_xif_wrapper_i/cv32e40px_top_i/core_i/ex_stage_i/mult_i/short_mac/C[20] is connected to registers with an asynchronous reset. This is preventing the possibility of merging these registers in to the DSP Block since the DSP block registers only possess synchronous reset capability.  It is suggested to recode or change these registers to remove the reset or use a synchronous reset to get the best optimization for performance, power and area.
Related violations: <none>

DPIR-1#14 Warning
Asynchronous driver check  
DSP gr_heep_i/core_v_mini_mcu_i/cpu_subsystem_i/cv32e40px_xif_wrapper_i/cv32e40px_top_i/core_i/ex_stage_i/mult_i/short_mac input pin gr_heep_i/core_v_mini_mcu_i/cpu_subsystem_i/cv32e40px_xif_wrapper_i/cv32e40px_top_i/core_i/ex_stage_i/mult_i/short_mac/C[21] is connected to registers with an asynchronous reset. This is preventing the possibility of merging these registers in to the DSP Block since the DSP block registers only possess synchronous reset capability.  It is suggested to recode or change these registers to remove the reset or use a synchronous reset to get the best optimization for performance, power and area.
Related violations: <none>

DPIR-1#15 Warning
Asynchronous driver check  
DSP gr_heep_i/core_v_mini_mcu_i/cpu_subsystem_i/cv32e40px_xif_wrapper_i/cv32e40px_top_i/core_i/ex_stage_i/mult_i/short_mac input pin gr_heep_i/core_v_mini_mcu_i/cpu_subsystem_i/cv32e40px_xif_wrapper_i/cv32e40px_top_i/core_i/ex_stage_i/mult_i/short_mac/C[22] is connected to registers with an asynchronous reset. This is preventing the possibility of merging these registers in to the DSP Block since the DSP block registers only possess synchronous reset capability.  It is suggested to recode or change these registers to remove the reset or use a synchronous reset to get the best optimization for performance, power and area.
Related violations: <none>

DPIR-1#16 Warning
Asynchronous driver check  
DSP gr_heep_i/core_v_mini_mcu_i/cpu_subsystem_i/cv32e40px_xif_wrapper_i/cv32e40px_top_i/core_i/ex_stage_i/mult_i/short_mac input pin gr_heep_i/core_v_mini_mcu_i/cpu_subsystem_i/cv32e40px_xif_wrapper_i/cv32e40px_top_i/core_i/ex_stage_i/mult_i/short_mac/C[23] is connected to registers with an asynchronous reset. This is preventing the possibility of merging these registers in to the DSP Block since the DSP block registers only possess synchronous reset capability.  It is suggested to recode or change these registers to remove the reset or use a synchronous reset to get the best optimization for performance, power and area.
Related violations: <none>

DPIR-1#17 Warning
Asynchronous driver check  
DSP gr_heep_i/core_v_mini_mcu_i/cpu_subsystem_i/cv32e40px_xif_wrapper_i/cv32e40px_top_i/core_i/ex_stage_i/mult_i/short_mac input pin gr_heep_i/core_v_mini_mcu_i/cpu_subsystem_i/cv32e40px_xif_wrapper_i/cv32e40px_top_i/core_i/ex_stage_i/mult_i/short_mac/C[24] is connected to registers with an asynchronous reset. This is preventing the possibility of merging these registers in to the DSP Block since the DSP block registers only possess synchronous reset capability.  It is suggested to recode or change these registers to remove the reset or use a synchronous reset to get the best optimization for performance, power and area.
Related violations: <none>

DPIR-1#18 Warning
Asynchronous driver check  
DSP gr_heep_i/core_v_mini_mcu_i/cpu_subsystem_i/cv32e40px_xif_wrapper_i/cv32e40px_top_i/core_i/ex_stage_i/mult_i/short_mac input pin gr_heep_i/core_v_mini_mcu_i/cpu_subsystem_i/cv32e40px_xif_wrapper_i/cv32e40px_top_i/core_i/ex_stage_i/mult_i/short_mac/C[25] is connected to registers with an asynchronous reset. This is preventing the possibility of merging these registers in to the DSP Block since the DSP block registers only possess synchronous reset capability.  It is suggested to recode or change these registers to remove the reset or use a synchronous reset to get the best optimization for performance, power and area.
Related violations: <none>

DPIR-1#19 Warning
Asynchronous driver check  
DSP gr_heep_i/core_v_mini_mcu_i/cpu_subsystem_i/cv32e40px_xif_wrapper_i/cv32e40px_top_i/core_i/ex_stage_i/mult_i/short_mac input pin gr_heep_i/core_v_mini_mcu_i/cpu_subsystem_i/cv32e40px_xif_wrapper_i/cv32e40px_top_i/core_i/ex_stage_i/mult_i/short_mac/C[26] is connected to registers with an asynchronous reset. This is preventing the possibility of merging these registers in to the DSP Block since the DSP block registers only possess synchronous reset capability.  It is suggested to recode or change these registers to remove the reset or use a synchronous reset to get the best optimization for performance, power and area.
Related violations: <none>

DPIR-1#20 Warning
Asynchronous driver check  
DSP gr_heep_i/core_v_mini_mcu_i/cpu_subsystem_i/cv32e40px_xif_wrapper_i/cv32e40px_top_i/core_i/ex_stage_i/mult_i/short_mac input pin gr_heep_i/core_v_mini_mcu_i/cpu_subsystem_i/cv32e40px_xif_wrapper_i/cv32e40px_top_i/core_i/ex_stage_i/mult_i/short_mac/C[27] is connected to registers with an asynchronous reset. This is preventing the possibility of merging these registers in to the DSP Block since the DSP block registers only possess synchronous reset capability.  It is suggested to recode or change these registers to remove the reset or use a synchronous reset to get the best optimization for performance, power and area.
Related violations: <none>

DPIR-1#21 Warning
Asynchronous driver check  
DSP gr_heep_i/core_v_mini_mcu_i/cpu_subsystem_i/cv32e40px_xif_wrapper_i/cv32e40px_top_i/core_i/ex_stage_i/mult_i/short_mac input pin gr_heep_i/core_v_mini_mcu_i/cpu_subsystem_i/cv32e40px_xif_wrapper_i/cv32e40px_top_i/core_i/ex_stage_i/mult_i/short_mac/C[28] is connected to registers with an asynchronous reset. This is preventing the possibility of merging these registers in to the DSP Block since the DSP block registers only possess synchronous reset capability.  It is suggested to recode or change these registers to remove the reset or use a synchronous reset to get the best optimization for performance, power and area.
Related violations: <none>

DPIR-1#22 Warning
Asynchronous driver check  
DSP gr_heep_i/core_v_mini_mcu_i/cpu_subsystem_i/cv32e40px_xif_wrapper_i/cv32e40px_top_i/core_i/ex_stage_i/mult_i/short_mac input pin gr_heep_i/core_v_mini_mcu_i/cpu_subsystem_i/cv32e40px_xif_wrapper_i/cv32e40px_top_i/core_i/ex_stage_i/mult_i/short_mac/C[29] is connected to registers with an asynchronous reset. This is preventing the possibility of merging these registers in to the DSP Block since the DSP block registers only possess synchronous reset capability.  It is suggested to recode or change these registers to remove the reset or use a synchronous reset to get the best optimization for performance, power and area.
Related violations: <none>

DPIR-1#23 Warning
Asynchronous driver check  
DSP gr_heep_i/core_v_mini_mcu_i/cpu_subsystem_i/cv32e40px_xif_wrapper_i/cv32e40px_top_i/core_i/ex_stage_i/mult_i/short_mac input pin gr_heep_i/core_v_mini_mcu_i/cpu_subsystem_i/cv32e40px_xif_wrapper_i/cv32e40px_top_i/core_i/ex_stage_i/mult_i/short_mac/C[2] is connected to registers with an asynchronous reset. This is preventing the possibility of merging these registers in to the DSP Block since the DSP block registers only possess synchronous reset capability.  It is suggested to recode or change these registers to remove the reset or use a synchronous reset to get the best optimization for performance, power and area.
Related violations: <none>

DPIR-1#24 Warning
Asynchronous driver check  
DSP gr_heep_i/core_v_mini_mcu_i/cpu_subsystem_i/cv32e40px_xif_wrapper_i/cv32e40px_top_i/core_i/ex_stage_i/mult_i/short_mac input pin gr_heep_i/core_v_mini_mcu_i/cpu_subsystem_i/cv32e40px_xif_wrapper_i/cv32e40px_top_i/core_i/ex_stage_i/mult_i/short_mac/C[30] is connected to registers with an asynchronous reset. This is preventing the possibility of merging these registers in to the DSP Block since the DSP block registers only possess synchronous reset capability.  It is suggested to recode or change these registers to remove the reset or use a synchronous reset to get the best optimization for performance, power and area.
Related violations: <none>

DPIR-1#25 Warning
Asynchronous driver check  
DSP gr_heep_i/core_v_mini_mcu_i/cpu_subsystem_i/cv32e40px_xif_wrapper_i/cv32e40px_top_i/core_i/ex_stage_i/mult_i/short_mac input pin gr_heep_i/core_v_mini_mcu_i/cpu_subsystem_i/cv32e40px_xif_wrapper_i/cv32e40px_top_i/core_i/ex_stage_i/mult_i/short_mac/C[31] is connected to registers with an asynchronous reset. This is preventing the possibility of merging these registers in to the DSP Block since the DSP block registers only possess synchronous reset capability.  It is suggested to recode or change these registers to remove the reset or use a synchronous reset to get the best optimization for performance, power and area.
Related violations: <none>

DPIR-1#26 Warning
Asynchronous driver check  
DSP gr_heep_i/core_v_mini_mcu_i/cpu_subsystem_i/cv32e40px_xif_wrapper_i/cv32e40px_top_i/core_i/ex_stage_i/mult_i/short_mac input pin gr_heep_i/core_v_mini_mcu_i/cpu_subsystem_i/cv32e40px_xif_wrapper_i/cv32e40px_top_i/core_i/ex_stage_i/mult_i/short_mac/C[3] is connected to registers with an asynchronous reset. This is preventing the possibility of merging these registers in to the DSP Block since the DSP block registers only possess synchronous reset capability.  It is suggested to recode or change these registers to remove the reset or use a synchronous reset to get the best optimization for performance, power and area.
Related violations: <none>

DPIR-1#27 Warning
Asynchronous driver check  
DSP gr_heep_i/core_v_mini_mcu_i/cpu_subsystem_i/cv32e40px_xif_wrapper_i/cv32e40px_top_i/core_i/ex_stage_i/mult_i/short_mac input pin gr_heep_i/core_v_mini_mcu_i/cpu_subsystem_i/cv32e40px_xif_wrapper_i/cv32e40px_top_i/core_i/ex_stage_i/mult_i/short_mac/C[4] is connected to registers with an asynchronous reset. This is preventing the possibility of merging these registers in to the DSP Block since the DSP block registers only possess synchronous reset capability.  It is suggested to recode or change these registers to remove the reset or use a synchronous reset to get the best optimization for performance, power and area.
Related violations: <none>

DPIR-1#28 Warning
Asynchronous driver check  
DSP gr_heep_i/core_v_mini_mcu_i/cpu_subsystem_i/cv32e40px_xif_wrapper_i/cv32e40px_top_i/core_i/ex_stage_i/mult_i/short_mac input pin gr_heep_i/core_v_mini_mcu_i/cpu_subsystem_i/cv32e40px_xif_wrapper_i/cv32e40px_top_i/core_i/ex_stage_i/mult_i/short_mac/C[5] is connected to registers with an asynchronous reset. This is preventing the possibility of merging these registers in to the DSP Block since the DSP block registers only possess synchronous reset capability.  It is suggested to recode or change these registers to remove the reset or use a synchronous reset to get the best optimization for performance, power and area.
Related violations: <none>

DPIR-1#29 Warning
Asynchronous driver check  
DSP gr_heep_i/core_v_mini_mcu_i/cpu_subsystem_i/cv32e40px_xif_wrapper_i/cv32e40px_top_i/core_i/ex_stage_i/mult_i/short_mac input pin gr_heep_i/core_v_mini_mcu_i/cpu_subsystem_i/cv32e40px_xif_wrapper_i/cv32e40px_top_i/core_i/ex_stage_i/mult_i/short_mac/C[6] is connected to registers with an asynchronous reset. This is preventing the possibility of merging these registers in to the DSP Block since the DSP block registers only possess synchronous reset capability.  It is suggested to recode or change these registers to remove the reset or use a synchronous reset to get the best optimization for performance, power and area.
Related violations: <none>

DPIR-1#30 Warning
Asynchronous driver check  
DSP gr_heep_i/core_v_mini_mcu_i/cpu_subsystem_i/cv32e40px_xif_wrapper_i/cv32e40px_top_i/core_i/ex_stage_i/mult_i/short_mac input pin gr_heep_i/core_v_mini_mcu_i/cpu_subsystem_i/cv32e40px_xif_wrapper_i/cv32e40px_top_i/core_i/ex_stage_i/mult_i/short_mac/C[7] is connected to registers with an asynchronous reset. This is preventing the possibility of merging these registers in to the DSP Block since the DSP block registers only possess synchronous reset capability.  It is suggested to recode or change these registers to remove the reset or use a synchronous reset to get the best optimization for performance, power and area.
Related violations: <none>

DPIR-1#31 Warning
Asynchronous driver check  
DSP gr_heep_i/core_v_mini_mcu_i/cpu_subsystem_i/cv32e40px_xif_wrapper_i/cv32e40px_top_i/core_i/ex_stage_i/mult_i/short_mac input pin gr_heep_i/core_v_mini_mcu_i/cpu_subsystem_i/cv32e40px_xif_wrapper_i/cv32e40px_top_i/core_i/ex_stage_i/mult_i/short_mac/C[8] is connected to registers with an asynchronous reset. This is preventing the possibility of merging these registers in to the DSP Block since the DSP block registers only possess synchronous reset capability.  It is suggested to recode or change these registers to remove the reset or use a synchronous reset to get the best optimization for performance, power and area.
Related violations: <none>

DPIR-1#32 Warning
Asynchronous driver check  
DSP gr_heep_i/core_v_mini_mcu_i/cpu_subsystem_i/cv32e40px_xif_wrapper_i/cv32e40px_top_i/core_i/ex_stage_i/mult_i/short_mac input pin gr_heep_i/core_v_mini_mcu_i/cpu_subsystem_i/cv32e40px_xif_wrapper_i/cv32e40px_top_i/core_i/ex_stage_i/mult_i/short_mac/C[9] is connected to registers with an asynchronous reset. This is preventing the possibility of merging these registers in to the DSP Block since the DSP block registers only possess synchronous reset capability.  It is suggested to recode or change these registers to remove the reset or use a synchronous reset to get the best optimization for performance, power and area.
Related violations: <none>

HPDR-1#1 Warning
Port pin direction inconsistency  
Hierarchical port(pin) exit_valid_o direction INOUT is not consistent with the directions of the cell pins/ports found at that level of the netlist hierarchy. Please review the design and consider changing the port(pin) direction. Both drivers and loads were expected for the net (exit_valid_o) connected to this Port, but both were not found.
Related violations: <none>

HPDR-1#2 Warning
Port pin direction inconsistency  
Hierarchical port(pin) jtag_tdo_o direction INOUT is not consistent with the directions of the cell pins/ports found at that level of the netlist hierarchy. Please review the design and consider changing the port(pin) direction. Both drivers and loads were expected for the net (jtag_tdo_o) connected to this Port, but both were not found.
Related violations: <none>

HPDR-1#3 Warning
Port pin direction inconsistency  
Hierarchical port(pin) uart_tx_o direction INOUT is not consistent with the directions of the cell pins/ports found at that level of the netlist hierarchy. Please review the design and consider changing the port(pin) direction. Both drivers and loads were expected for the net (uart_tx_o) connected to this Port, but both were not found.
Related violations: <none>

LUTAR-1#1 Warning
LUT drives async reset alert  
LUT cell gr_heep_i/core_v_mini_mcu_i/ao_peripheral_subsystem_i/power_manager_i/power_manager_counter_sequence_cpu_reset_i/cnt_q[1]_i_2__0, with 2 or more inputs, drives asynchronous preset/clear pin(s) gr_heep_i/core_v_mini_mcu_i/cpu_subsystem_i/cv32e40px_xif_wrapper_i/cv32e40px_top_i/core_i/load_store_unit_i/rdata_q_reg[27]/CLR,
gr_heep_i/core_v_mini_mcu_i/cpu_subsystem_i/cv32e40px_xif_wrapper_i/cv32e40px_top_i/core_i/load_store_unit_i/rdata_q_reg[28]/CLR,
gr_heep_i/core_v_mini_mcu_i/cpu_subsystem_i/cv32e40px_xif_wrapper_i/cv32e40px_top_i/core_i/load_store_unit_i/rdata_q_reg[29]/CLR,
gr_heep_i/core_v_mini_mcu_i/cpu_subsystem_i/cv32e40px_xif_wrapper_i/cv32e40px_top_i/core_i/load_store_unit_i/rdata_q_reg[2]/CLR,
gr_heep_i/core_v_mini_mcu_i/cpu_subsystem_i/cv32e40px_xif_wrapper_i/cv32e40px_top_i/core_i/load_store_unit_i/rdata_q_reg[30]/CLR,
gr_heep_i/core_v_mini_mcu_i/cpu_subsystem_i/cv32e40px_xif_wrapper_i/cv32e40px_top_i/core_i/load_store_unit_i/rdata_q_reg[31]/CLR,
gr_heep_i/core_v_mini_mcu_i/cpu_subsystem_i/cv32e40px_xif_wrapper_i/cv32e40px_top_i/core_i/load_store_unit_i/rdata_q_reg[3]/CLR,
gr_heep_i/core_v_mini_mcu_i/cpu_subsystem_i/cv32e40px_xif_wrapper_i/cv32e40px_top_i/core_i/load_store_unit_i/rdata_q_reg[4]/CLR,
gr_heep_i/core_v_mini_mcu_i/cpu_subsystem_i/cv32e40px_xif_wrapper_i/cv32e40px_top_i/core_i/load_store_unit_i/rdata_q_reg[5]/CLR,
gr_heep_i/core_v_mini_mcu_i/cpu_subsystem_i/cv32e40px_xif_wrapper_i/cv32e40px_top_i/core_i/load_store_unit_i/rdata_q_reg[6]/CLR,
gr_heep_i/core_v_mini_mcu_i/cpu_subsystem_i/cv32e40px_xif_wrapper_i/cv32e40px_top_i/core_i/load_store_unit_i/rdata_q_reg[7]/CLR,
gr_heep_i/core_v_mini_mcu_i/cpu_subsystem_i/cv32e40px_xif_wrapper_i/cv32e40px_top_i/core_i/load_store_unit_i/rdata_q_reg[8]/CLR,
gr_heep_i/core_v_mini_mcu_i/cpu_subsystem_i/cv32e40px_xif_wrapper_i/cv32e40px_top_i/core_i/load_store_unit_i/rdata_q_reg[9]/CLR,
gr_heep_i/core_v_mini_mcu_i/cpu_subsystem_i/cv32e40px_xif_wrapper_i/cv32e40px_top_i/core_i/sleep_unit_i/core_busy_q_reg/CLR,
gr_heep_i/core_v_mini_mcu_i/cpu_subsystem_i/cv32e40px_xif_wrapper_i/cv32e40px_top_i/core_i/sleep_unit_i/fetch_enable_q_reg/CLR
 (the first 15 of 2136 listed). The LUT may glitch and trigger an unexpected reset, even if it is a properly timed path.
Related violations: <none>

LUTAR-1#2 Warning
LUT drives async reset alert  
LUT cell gr_heep_i/core_v_mini_mcu_i/ao_peripheral_subsystem_i/power_manager_i/power_manager_sequence_periph_reset_i/q[31]_i_3__18, with 2 or more inputs, drives asynchronous preset/clear pin(s) gr_heep_i/core_v_mini_mcu_i/peripheral_subsystem_i/uart_i/u_reg/u_reg_if/rdata_reg[25]/CLR,
gr_heep_i/core_v_mini_mcu_i/peripheral_subsystem_i/uart_i/u_reg/u_reg_if/rdata_reg[26]/CLR,
gr_heep_i/core_v_mini_mcu_i/peripheral_subsystem_i/uart_i/u_reg/u_reg_if/rdata_reg[27]/CLR,
gr_heep_i/core_v_mini_mcu_i/peripheral_subsystem_i/uart_i/u_reg/u_reg_if/rdata_reg[28]/CLR,
gr_heep_i/core_v_mini_mcu_i/peripheral_subsystem_i/uart_i/u_reg/u_reg_if/rdata_reg[29]/CLR,
gr_heep_i/core_v_mini_mcu_i/peripheral_subsystem_i/uart_i/u_reg/u_reg_if/rdata_reg[2]/CLR,
gr_heep_i/core_v_mini_mcu_i/peripheral_subsystem_i/uart_i/u_reg/u_reg_if/rdata_reg[30]/CLR,
gr_heep_i/core_v_mini_mcu_i/peripheral_subsystem_i/uart_i/u_reg/u_reg_if/rdata_reg[31]/CLR,
gr_heep_i/core_v_mini_mcu_i/peripheral_subsystem_i/uart_i/u_reg/u_reg_if/rdata_reg[3]/CLR,
gr_heep_i/core_v_mini_mcu_i/peripheral_subsystem_i/uart_i/u_reg/u_reg_if/rdata_reg[4]/CLR,
gr_heep_i/core_v_mini_mcu_i/peripheral_subsystem_i/uart_i/u_reg/u_reg_if/rdata_reg[5]/CLR,
gr_heep_i/core_v_mini_mcu_i/peripheral_subsystem_i/uart_i/u_reg/u_reg_if/rdata_reg[6]/CLR,
gr_heep_i/core_v_mini_mcu_i/peripheral_subsystem_i/uart_i/u_reg/u_reg_if/rdata_reg[7]/CLR,
gr_heep_i/core_v_mini_mcu_i/peripheral_subsystem_i/uart_i/u_reg/u_reg_if/rdata_reg[8]/CLR,
gr_heep_i/core_v_mini_mcu_i/peripheral_subsystem_i/uart_i/u_reg/u_reg_if/rdata_reg[9]/CLR
 (the first 15 of 5723 listed). The LUT may glitch and trigger an unexpected reset, even if it is a properly timed path.
Related violations: <none>

LUTAR-1#3 Warning
LUT drives async reset alert  
LUT cell gr_heep_i/gr_heep_pad_ring_i/u_pad_spi_slave_cs/counter_trgt[7]_i_4, with 2 or more inputs, drives asynchronous preset/clear pin(s) gr_heep_i/core_v_mini_mcu_i/debug_subsystem_i/gen_spi_slave.obi_spi_slave_i/u_txreg/data_int_reg[26]/CLR,
gr_heep_i/core_v_mini_mcu_i/debug_subsystem_i/gen_spi_slave.obi_spi_slave_i/u_txreg/data_int_reg[27]/CLR,
gr_heep_i/core_v_mini_mcu_i/debug_subsystem_i/gen_spi_slave.obi_spi_slave_i/u_txreg/data_int_reg[28]/CLR,
gr_heep_i/core_v_mini_mcu_i/debug_subsystem_i/gen_spi_slave.obi_spi_slave_i/u_txreg/data_int_reg[29]/CLR,
gr_heep_i/core_v_mini_mcu_i/debug_subsystem_i/gen_spi_slave.obi_spi_slave_i/u_txreg/data_int_reg[2]/CLR,
gr_heep_i/core_v_mini_mcu_i/debug_subsystem_i/gen_spi_slave.obi_spi_slave_i/u_txreg/data_int_reg[30]/CLR,
gr_heep_i/core_v_mini_mcu_i/debug_subsystem_i/gen_spi_slave.obi_spi_slave_i/u_txreg/data_int_reg[31]/CLR,
gr_heep_i/core_v_mini_mcu_i/debug_subsystem_i/gen_spi_slave.obi_spi_slave_i/u_txreg/data_int_reg[3]/CLR,
gr_heep_i/core_v_mini_mcu_i/debug_subsystem_i/gen_spi_slave.obi_spi_slave_i/u_txreg/data_int_reg[4]/CLR,
gr_heep_i/core_v_mini_mcu_i/debug_subsystem_i/gen_spi_slave.obi_spi_slave_i/u_txreg/data_int_reg[5]/CLR,
gr_heep_i/core_v_mini_mcu_i/debug_subsystem_i/gen_spi_slave.obi_spi_slave_i/u_txreg/data_int_reg[6]/CLR,
gr_heep_i/core_v_mini_mcu_i/debug_subsystem_i/gen_spi_slave.obi_spi_slave_i/u_txreg/data_int_reg[7]/CLR,
gr_heep_i/core_v_mini_mcu_i/debug_subsystem_i/gen_spi_slave.obi_spi_slave_i/u_txreg/data_int_reg[8]/CLR,
gr_heep_i/core_v_mini_mcu_i/debug_subsystem_i/gen_spi_slave.obi_spi_slave_i/u_txreg/data_int_reg[9]/CLR,
gr_heep_i/core_v_mini_mcu_i/debug_subsystem_i/gen_spi_slave.obi_spi_slave_i/u_txreg/running_reg/CLR
 (the first 15 of 172 listed). The LUT may glitch and trigger an unexpected reset, even if it is a properly timed path.
Related violations: <none>

LUTAR-1#4 Warning
LUT drives async reset alert  
LUT cell gr_heep_i/rstgen_i/i_rstgen_bypass/i_tc_clk_mux2_rst_no/xilinx_i_clk_mux2_i/gen_several_outputs.valid_inflight_q_i_7, with 2 or more inputs, drives asynchronous preset/clear pin(s) gr_heep_i/core_v_mini_mcu_i/system_bus_i/gen_demux_xbar[1].demux_xbar_i/u_xbar_varlat/gen_inputs[0].i_addr_dec_resp_mux/gen_several_outputs.valid_inflight_q_reg/CLR,
gr_heep_i/core_v_mini_mcu_i/system_bus_i/gen_demux_xbar[2].demux_xbar_i/u_xbar_varlat/gen_inputs[0].i_addr_dec_resp_mux/gen_several_outputs.bank_sel_q_reg[0]/CLR,
gr_heep_i/core_v_mini_mcu_i/system_bus_i/gen_demux_xbar[2].demux_xbar_i/u_xbar_varlat/gen_inputs[0].i_addr_dec_resp_mux/gen_several_outputs.valid_inflight_q_reg/CLR,
gr_heep_i/core_v_mini_mcu_i/system_bus_i/gen_demux_xbar[3].demux_xbar_i/u_xbar_varlat/gen_inputs[0].i_addr_dec_resp_mux/gen_several_outputs.bank_sel_q_reg[0]/CLR,
gr_heep_i/core_v_mini_mcu_i/system_bus_i/gen_demux_xbar[3].demux_xbar_i/u_xbar_varlat/gen_inputs[0].i_addr_dec_resp_mux/gen_several_outputs.valid_inflight_q_reg/CLR,
gr_heep_i/core_v_mini_mcu_i/system_bus_i/gen_demux_xbar[4].demux_xbar_i/u_xbar_varlat/gen_inputs[0].i_addr_dec_resp_mux/gen_several_outputs.bank_sel_q_reg[0]/CLR,
gr_heep_i/core_v_mini_mcu_i/system_bus_i/gen_demux_xbar[4].demux_xbar_i/u_xbar_varlat/gen_inputs[0].i_addr_dec_resp_mux/gen_several_outputs.valid_inflight_q_reg/CLR,
gr_heep_i/core_v_mini_mcu_i/system_bus_i/gen_demux_xbar[5].demux_xbar_i/u_xbar_varlat/gen_inputs[0].i_addr_dec_resp_mux/gen_several_outputs.bank_sel_q_reg[0]/CLR,
gr_heep_i/core_v_mini_mcu_i/system_bus_i/gen_demux_xbar[5].demux_xbar_i/u_xbar_varlat/gen_inputs[0].i_addr_dec_resp_mux/gen_several_outputs.valid_inflight_q_reg/CLR,
gr_heep_i/core_v_mini_mcu_i/system_bus_i/gen_demux_xbar[6].demux_xbar_i/u_xbar_varlat/gen_inputs[0].i_addr_dec_resp_mux/gen_several_outputs.bank_sel_q_reg[0]/CLR,
gr_heep_i/core_v_mini_mcu_i/system_bus_i/gen_demux_xbar[6].demux_xbar_i/u_xbar_varlat/gen_inputs[0].i_addr_dec_resp_mux/gen_several_outputs.valid_inflight_q_reg/CLR,
gr_heep_i/core_v_mini_mcu_i/system_bus_i/gen_demux_xbar[7].demux_xbar_i/u_xbar_varlat/gen_inputs[0].i_addr_dec_resp_mux/gen_several_outputs.bank_sel_q_reg[0]/CLR,
gr_heep_i/core_v_mini_mcu_i/system_bus_i/gen_demux_xbar[7].demux_xbar_i/u_xbar_varlat/gen_inputs[0].i_addr_dec_resp_mux/gen_several_outputs.valid_inflight_q_reg/CLR,
gr_heep_i/core_v_mini_mcu_i/system_bus_i/gen_demux_xbar[8].demux_xbar_i/u_xbar_varlat/gen_inputs[0].i_addr_dec_resp_mux/gen_several_outputs.bank_sel_q_reg[0]/CLR,
gr_heep_i/core_v_mini_mcu_i/system_bus_i/gen_demux_xbar[8].demux_xbar_i/u_xbar_varlat/gen_inputs[0].i_addr_dec_resp_mux/gen_several_outputs.valid_inflight_q_reg/CLR
 (the first 15 of 6905 listed). The LUT may glitch and trigger an unexpected reset, even if it is a properly timed path.
Related violations: <none>

SYNTH-10#1 Warning
Wide multiplier  
Detected multiplier at gr_heep_i/core_v_mini_mcu_i/cpu_subsystem_i/cv32e40px_xif_wrapper_i/cv32e40px_top_i/core_i/ex_stage_i/mult_i/ of size 15x18, it is decomposed from a wide multipler into 4 DSP blocks.
Related violations: <none>

SYNTH-10#2 Warning
Wide multiplier  
Detected multiplier at gr_heep_i/core_v_mini_mcu_i/cpu_subsystem_i/cv32e40px_xif_wrapper_i/cv32e40px_top_i/core_i/ex_stage_i/mult_i/__0 of size 18x18, it is decomposed from a wide multipler into 4 DSP blocks.
Related violations: <none>

SYNTH-10#3 Warning
Wide multiplier  
Detected multiplier at gr_heep_i/core_v_mini_mcu_i/cpu_subsystem_i/cv32e40px_xif_wrapper_i/cv32e40px_top_i/core_i/ex_stage_i/mult_i/__1 of size 18x15, it is decomposed from a wide multipler into 4 DSP blocks.
Related violations: <none>

TIMING-9#1 Warning
Unknown CDC Logic  
One or more asynchronous Clock Domain Crossing has been detected between 2 clock domains through a set_false_path or a set_clock_groups or set_max_delay -datapath_only constraint but no double-registers logic synchronizer has been found on the side of the capture clock. It is recommended to run report_cdc for a complete and detailed CDC coverage. Please consider using XPM_CDC to avoid Critical severities
Related violations: <none>

TIMING-10#1 Warning
Missing property on synchronizer  
One or more logic synchronizer has been detected between 2 clock domains but the synchronizer does not have the property ASYNC_REG defined on one or both registers. It is recommended to run report_cdc for a complete and detailed CDC coverage
Related violations: <none>

TIMING-18#1 Warning
Missing input or output delay  
An input delay is missing on jtag_tdi_i relative to the rising and/or falling clock edge(s) of jtag_clk_pin.
Related violations: <none>

TIMING-18#2 Warning
Missing input or output delay  
An input delay is missing on jtag_tms_i relative to the rising and/or falling clock edge(s) of jtag_clk_pin.
Related violations: <none>

TIMING-18#3 Warning
Missing input or output delay  
An input delay is missing on jtag_trst_ni relative to the rising and/or falling clock edge(s) of jtag_clk_pin.
Related violations: <none>

TIMING-18#4 Warning
Missing input or output delay  
An input delay is missing on spi_slave_cs_io relative to the rising and/or falling clock edge(s) of spi_slave_clk_pin.
Related violations: <none>

TIMING-18#5 Warning
Missing input or output delay  
An output delay is missing on jtag_tdo_o relative to the rising and/or falling clock edge(s) of jtag_clk_pin.
Related violations: <none>

TIMING-18#6 Warning
Missing input or output delay  
An output delay is missing on spi_slave_miso_io relative to the rising and/or falling clock edge(s) of spi_slave_clk_pin.
Related violations: <none>

TIMING-56#1 Warning
Missing logically or physically excluded clock groups constraint  
Multiple clocks are user generated or auto-derived on the source pin xilinx_clk_wizard_wrapper_i/xilinx_clk_wizard_i/clk_wiz_0/inst/mmcm_adv_inst/CLKFBOUT but are not logically or physically exclusive with respect to one another. To have the static timing analysis match the behavior in hardware, there cannot be multiple clocks generated on the same pin and when such situation occurs, the clocks should be defined as physically or logically exclusive. The list of clocks generated on the source pin is: clkfbout_xilinx_clk_wizard_clk_wiz_0_0
clkfbout_xilinx_clk_wizard_clk_wiz_0_0_1
Related violations: <none>

TIMING-56#2 Warning
Missing logically or physically excluded clock groups constraint  
Multiple clocks are user generated or auto-derived on the source pin xilinx_clk_wizard_wrapper_i/xilinx_clk_wizard_i/clk_wiz_0/inst/mmcm_adv_inst/CLKOUT0 but are not logically or physically exclusive with respect to one another. To have the static timing analysis match the behavior in hardware, there cannot be multiple clocks generated on the same pin and when such situation occurs, the clocks should be defined as physically or logically exclusive. The list of clocks generated on the source pin is: clk_out1_xilinx_clk_wizard_clk_wiz_0_0
clk_out1_xilinx_clk_wizard_clk_wiz_0_0_1
Related violations: <none>

ULMTCS-1#1 Warning
Control Sets use limits recommend reduction  
This design uses 1340 control sets (vs. available limit of 15850, determined by 1 control set per CLB). This exceeds the control set use guideline of 7.5 percent. This is at a level where reduction is RECOMMENDED (see UG949). Use report_control_sets to get more details.
Related violations: <none>


